Script started on Mon Dec  9 19:31:11 2019
[?1034hbash-3.2$ ls
index.html	script.js	typescript
bash-3.2$ cd..[K[K ..
bash-3.2$ ls
   .rtfd
1. nori
1—Å–æ—Ö—Ä–∞–Ω–µ–Ω–Ω—ã–µ —Ñ–∞–∏ÃÜ–ª—ã —Å–∞–∏ÃÜ—Ç–∞
2. Sedna
3. –º–∞–≥–∞–∑–∏–Ω
4 –í –∫–ª–∞—Å—Å - –ö–ê–°–°–ê.xlsx
4–≤ –ö–ê–°–°–ê
Canon HF10 (NO NAME)¬†‚Äî 31-07-13
Driver-form.html
FRONTEND
FileZilla.xml
IT Start_–î–ó_5.pdf
JS
LEGO Creations
ManosDelUruguay-–ø—Ä–∞–∏ÃÜ—Å-–ª–∏—Å—Ç2016.pdf
My Drawings
My Great DVD.dvdproj
NODE
Roxio Converted Items
Scratch Projects
Snowtape
Snowtape Library.tapelib
Streamer Videos
ViberDownloads
YARNMARKET
background-project1.png
bookmarks_19.09.2017.html
bookmarks_20.04.2018.html
byfly.rtf
clip-2008-07-02 16;47;03 (–ø—Ä–µ–æ–±—Ä–∞–∑–æ–≤–∞–Ω).mov
collage1
e-book-100-hakov.pdf
ira -hw12
ira-hw10
ira-hw11
ira-hw12-1-classes
ira-hw12-2-1-async
ira-hw12-2-2-async.2
ira-hw3
ira-hw4
ira-hw5
ira-hw6
ira-hw7
ira-hw8
ira-hw9
kindle
mySprite
oriflame .rtf
scratchthumbs.db
~$4 –í –∫–ª–∞—Å—Å - –ö–ê–°–°–ê.xlsx
–ë–µ–∑ –Ω–∞–∑–≤–∞–Ω–∏—è.game
–ì–û–ú–ï–õ–¨
–ò–ü
–ò–°–°–õ–ï–î–û–í–ê–¢–ï–õ–¨–°–ö–ò–òÃÜ –ü–†–û–ï–ö–¢
–ö–æ–ø–∏—è anketa.rtfd
–ú–û 2016-2017
–ú–û 2017-2018
–ù–æ–≤—ã–∏ÃÜ 2.rtf
–ù–æ–≤—ã–∏ÃÜ.rtf
–ù–æ–≤—ã–∏ÃÜ.rtfd
–ù–æ–≤—ã–∏ÃÜ1.rtf
–ü–∏–Ω–≥-–ü–æ–Ω–≥ –ì–æ—Ç–∞–ª—å—Å–∫–∏–∏ÃÜ.sb2
–ü—Ä—è–∂–∞
–†–∞–±–æ—á–∏–∏ÃÜ —Å—Ç–æ–ª
–†–µ—á—å.docx
–†–æ–±–æ—Ç–æ—Ç–µ—Ö–Ω–∏–∫–∞
–°–ï–û
–°–≤–µ—Ç–ª–∞–Ω–µ –ú–∏—Ö–∞–∏ÃÜ–ª–æ–≤–Ω–µ.rtf
–°–æ—Ö—Ä–∞–Ω–µ–Ω–∏—è –ø–∞–º—è—Ç–Ω–∏–∫–∏
–£–†–û–ö–ò Scratch.pdf
–£–ø—Ä–∞–∂–Ω–µ–Ω–∏—è –¥–ª—è —Å–ø–∏–Ω—ã.rtfd
–≤–µ–±-–¥–∏–∑–∞–∏ÃÜ–Ω
–≤–µ–±-—Ä–∞–∑—Ä–∞–±–æ—Ç–∫–∞
–≥–µ–∏ÃÜ–∑–µ—Ä .html
–¥—É–±–ª—å –°–≤–µ—Ç–ª–∞–Ω–µ –ú–∏—Ö–∞–∏ÃÜ–ª–æ–≤–Ω–µ.rtf
–∑–∞—Å–µ–¥–∞–Ω–∏–µ –∏ –ø—Ä–æ—Ç–æ–∫–æ–ª ‚Ññ4-2018.docx
–∑–∞—Å–µ–¥–∞–Ω–∏–µ –ø—Ä–æ—Ç–æ–∫–æ–ª ‚Ññ5-2018 .docx
–∏–∑–∏–ø—ç–∏ÃÜ.rtf
–∫–Ω–∏–≥–∏ –°–≤–µ—Ç–ª–∞–Ω–µ –ú–∏—Ö–∞–∏ÃÜ–ª–æ–≤–Ω–µ
–∫–æ—à–µ–ª–µ–∫.rtf
–º–∞–≥–∞–∑–∏–Ω
–º–æ–∏ —Å–∞–∏ÃÜ—Ç—ã
–Ω–æ–≤–æ—Å—Ç—Ä–æ–∏ÃÜ–∫–∏.rtf
–ø–∞—Ä–æ–ª–∏ –Ø—Ä–∏–∫–∞.rtf
–ø–∞—Ä–æ–ª–∏.rtf
—Ç–µ—Å—Ç–∏—Ä–æ–≤–∞–Ω–∏–µ
—Ç–∏—à–∏–Ω–∞.jpg
—à–∞–±–ª–æ–Ω –§—Ä–∞–∫—Ç–∞–ª
bash-3.2$ cd NODE/
bash-3.2$ ls
index.html	script.js	typescript
bash-3.2$ 
bash-3.2$ node =[K-v
v12.13.1
bash-3.2$ node script.js
ff
Server running on port 8080
script.js
node.js
node script.js
node -v
node script.js





no  script      no  ^C
bash-3.2$ node -v
v12.13.1
bash-3.2$ node -v
v12.13.1
bash-3.2$ script[K[K[K[K[Kerver.js
bash: server.js: command not found
bash-3.2$ node server.js
ff
Server running on port 8080
^C
bash-3.2$ —Ç—â–≤—É[K[K[K[Knode [K[K[K[K[Knpm init -y
Wrote to /Users/coolhacker/Documents/NODE/package.json:

{
  "name": "NODE",
  "version": "1.0.0",
  "description": "",
  "main": "server.js",
  "scripts": {
    "test": "echo \"Error: no test specified\" && exit 1",
    "start": "node server.js"
  },
  "keywords": [],
  "author": "",
  "license": "ISC"
}


bash-3.2$ node-static --save
bash: node-static: command not found
bash-3.2$ npm install node-static --save
[?25l‚∏®[90m‚ñë‚ñë‚ñë‚ñë‚ñë‚ñë‚ñë‚ñë‚ñë‚ñë‚ñë‚ñë‚ñë‚ñë‚ñë‚ñë‚ñë‚ñë[0m‚∏© ‚†ß rollbackFailedOptional: [34;40mverb[0m [35mnpm-session[0m ace9aabb1324042[0m[K‚∏®[90m‚ñë‚ñë‚ñë‚ñë‚ñë‚ñë‚ñë‚ñë‚ñë‚ñë‚ñë‚ñë‚ñë‚ñë‚ñë‚ñë‚ñë‚ñë[0m‚∏© ‚†ß rollbackFailedOptional: [34;40mverb[0m [35mnpm-session[0m ace9aabb1324042[0m[K‚∏®[90m‚ñë‚ñë‚ñë‚ñë‚ñë‚ñë‚ñë‚ñë‚ñë‚ñë‚ñë‚ñë‚ñë‚ñë‚ñë‚ñë‚ñë‚ñë[0m‚∏© ‚†ß rollbackFailedOptional: [34;40mverb[0m [35mnpm-session[0m ace9aabb1324042[0m[K‚∏®[90m‚ñë‚ñë‚ñë‚ñë‚ñë‚ñë‚ñë‚ñë‚ñë‚ñë‚ñë‚ñë‚ñë‚ñë‚ñë‚ñë‚ñë‚ñë[0m‚∏© ‚†ß rollbackFailedOptional: [34;40mverb[0m [35mnpm-session[0m ace9aabb1324042[0m[K‚∏®[90m‚ñë‚ñë‚ñë‚ñë‚ñë‚ñë‚ñë‚ñë‚ñë‚ñë‚ñë‚ñë‚ñë‚ñë‚ñë‚ñë‚ñë‚ñë[0m‚∏© ‚†ß rollbackFailedOptional: [34;40mverb[0m [35mnpm-session[0m ace9aabb1324042[0m[K‚∏®[90m‚ñë‚ñë‚ñë‚ñë‚ñë‚ñë‚ñë‚ñë‚ñë‚ñë‚ñë‚ñë‚ñë‚ñë‚ñë‚ñë‚ñë‚ñë[0m‚∏© ‚†ß rollbackFailedOptional: [34;40mverb[0m [35mnpm-session[0m ace9aabb1324042[0m[K‚∏®[90m‚ñë‚ñë‚ñë‚ñë‚ñë‚ñë‚ñë‚ñë‚ñë‚ñë‚ñë‚ñë‚ñë‚ñë‚ñë‚ñë‚ñë‚ñë[0m‚∏© ‚†ß rollbackFailedOptional: [34;40mverb[0m [35mnpm-session[0m ace9aabb1324042[0m[K‚∏®[90m‚ñë‚ñë‚ñë‚ñë‚ñë‚ñë‚ñë‚ñë‚ñë‚ñë‚ñë‚ñë‚ñë‚ñë‚ñë‚ñë‚ñë‚ñë[0m‚∏© ‚†ß rollbackFailedOptional: [34;40mverb[0m [35mnpm-session[0m ace9aabb1324042[0m[K‚∏®[90m‚ñë‚ñë‚ñë‚ñë‚ñë‚ñë‚ñë‚ñë‚ñë‚ñë‚ñë‚ñë‚ñë‚ñë‚ñë‚ñë‚ñë‚ñë[0m‚∏© ‚†ß rollbackFailedOptional: [34;40mverb[0m [35mnpm-session[0m ace9aabb1324042[0m[K‚∏®[90m‚ñë‚ñë‚ñë‚ñë‚ñë‚ñë‚ñë‚ñë‚ñë‚ñë‚ñë‚ñë‚ñë‚ñë‚ñë‚ñë‚ñë‚ñë[0m‚∏© ‚†ß rollbackFailedOptional: [34;40mverb[0m [35mnpm-session[0m ace9aabb1324042[0m[K‚∏®[90m‚ñë‚ñë‚ñë‚ñë‚ñë‚ñë‚ñë‚ñë‚ñë‚ñë‚ñë‚ñë‚ñë‚ñë‚ñë‚ñë‚ñë‚ñë[0m‚∏© ‚†ß rollbackFailedOptional: [34;40mverb[0m [35mnpm-session[0m ace9aabb1324042[0m[K‚∏®[90m‚ñë‚ñë‚ñë‚ñë‚ñë‚ñë‚ñë‚ñë‚ñë‚ñë‚ñë‚ñë‚ñë‚ñë‚ñë‚ñë‚ñë‚ñë[0m‚∏© ‚†ß fetchMetadata: [7msill[0m [35mresolveWithNewModule[0m node-static@0.7[0m[K‚∏®[90m‚ñë‚ñë‚ñë‚ñë‚ñë‚ñë‚ñë‚ñë‚ñë‚ñë‚ñë‚ñë‚ñë‚ñë‚ñë‚ñë‚ñë‚ñë[0m‚∏© ‚†ß fetchMetadata: [7msill[0m [35mresolveWithNewModule[0m node-static@0.7[0m[K‚∏®[90m‚ñë‚ñë‚ñë‚ñë‚ñë‚ñë‚ñë‚ñë‚ñë‚ñë‚ñë‚ñë‚ñë‚ñë‚ñë‚ñë‚ñë‚ñë[0m‚∏© ‚†ã fetchMetadata: [7msill[0m [35mresolveWithNewModule[0m node-static@0.7[0m[K‚∏®[90m‚ñë‚ñë‚ñë‚ñë‚ñë‚ñë‚ñë‚ñë‚ñë‚ñë‚ñë‚ñë‚ñë‚ñë‚ñë‚ñë‚ñë‚ñë[0m‚∏© ‚†ã fetchMetadata: [7msill[0m [35mresolveWithNewModule[0m node-static@0.7[0m[K‚∏®[90m‚ñë‚ñë‚ñë‚ñë‚ñë‚ñë‚ñë‚ñë‚ñë‚ñë‚ñë‚ñë‚ñë‚ñë‚ñë‚ñë‚ñë‚ñë[0m‚∏© ‚†ã fetchMetadata: [7msill[0m [35mresolveWithNewModule[0m node-static@0.7[0m[K‚∏®[90m‚ñë‚ñë‚ñë‚ñë‚ñë‚ñë‚ñë‚ñë‚ñë‚ñë‚ñë‚ñë‚ñë‚ñë‚ñë‚ñë‚ñë‚ñë[0m‚∏© ‚†ã fetchMetadata: [7msill[0m [35mresolveWithNewModule[0m node-static@0.7[0m[K‚∏®[90m‚ñë‚ñë‚ñë‚ñë‚ñë‚ñë‚ñë‚ñë‚ñë‚ñë‚ñë‚ñë‚ñë‚ñë‚ñë‚ñë‚ñë‚ñë[0m‚∏© ‚†ã fetchMetadata: [7msill[0m [35mresolveWithNewModule[0m node-static@0.7[0m[K‚∏®[90m‚ñë‚ñë‚ñë‚ñë‚ñë‚ñë‚ñë‚ñë‚ñë‚ñë‚ñë‚ñë‚ñë‚ñë‚ñë‚ñë‚ñë‚ñë[0m‚∏© ‚†π fetchMetadata: [7msill[0m [35mresolveWithNewModule[0m node-static@0.7[0m[K‚∏®[7m  [27m[90m‚ñë‚ñë‚ñë‚ñë‚ñë‚ñë‚ñë‚ñë‚ñë‚ñë‚ñë‚ñë‚ñë‚ñë‚ñë‚ñë[0m‚∏© ‚†¶ fetchMetadata: [7msill[0m [35mresolveWithNewModule[0m mime@1.6.0 chec[0m[K‚∏®[7m  [27m[90m‚ñë‚ñë‚ñë‚ñë‚ñë‚ñë‚ñë‚ñë‚ñë‚ñë‚ñë‚ñë‚ñë‚ñë‚ñë‚ñë[0m‚∏© ‚†¶ fetchMetadata: [7msill[0m [35mresolveWithNewModule[0m mime@1.6.0 chec[0m[K‚∏®[7m  [27m[90m‚ñë‚ñë‚ñë‚ñë‚ñë‚ñë‚ñë‚ñë‚ñë‚ñë‚ñë‚ñë‚ñë‚ñë‚ñë‚ñë[0m‚∏© ‚†¶ fetchMetadata: [7msill[0m [35mresolveWithNewModule[0m mime@1.6.0 chec[0m[K‚∏®[7m  [27m[90m‚ñë‚ñë‚ñë‚ñë‚ñë‚ñë‚ñë‚ñë‚ñë‚ñë‚ñë‚ñë‚ñë‚ñë‚ñë‚ñë[0m‚∏© ‚†ß fetchMetadata: [7msill[0m [35mresolveWithNewModule[0m mime@1.6.0 chec[0m[K‚∏®[7m       [27m[90m‚ñë‚ñë‚ñë‚ñë‚ñë‚ñë‚ñë‚ñë‚ñë‚ñë‚ñë[0m‚∏© ‚†ß postinstall: [7msill[0m [35minstall[0m executeActions[0m[K‚∏®[7m       [27m[90m‚ñë‚ñë‚ñë‚ñë‚ñë‚ñë‚ñë‚ñë‚ñë‚ñë‚ñë[0m‚∏© ‚†ô extract:node-static: [34;40mverb[0m [35mlock[0m using /Users/coolhacker/.[0m[K‚∏®[7m       [27m[90m‚ñë‚ñë‚ñë‚ñë‚ñë‚ñë‚ñë‚ñë‚ñë‚ñë‚ñë[0m‚∏© ‚†ô extract:node-static: [34;40mverb[0m [35mlock[0m using /Users/coolhacker/.[0m[K‚∏®[7m       [27m[90m‚ñë‚ñë‚ñë‚ñë‚ñë‚ñë‚ñë‚ñë‚ñë‚ñë‚ñë[0m‚∏© ‚†π extract:node-static: [34;40mverb[0m [35mlock[0m using /Users/coolhacker/.[0m[K‚∏®[7m           [27m[90m‚ñë‚ñë‚ñë‚ñë‚ñë‚ñë‚ñë[0m‚∏© ‚†¶ extract:node-static: [7msill[0m [35mextract[0m node-static@latest ext[0m[K‚∏®[7m            [27m[90m‚ñë‚ñë‚ñë‚ñë‚ñë‚ñë[0m‚∏© ‚†∏ finalize:node-static: [7msill[0m [35mdoSerial[0m finalize 48[0m[K‚∏®[7m            [27m[90m‚ñë‚ñë‚ñë‚ñë‚ñë‚ñë[0m‚∏© ‚†∏ finalize:node-static: [7msill[0m [35mdoSerial[0m finalize 48[0m[K‚∏®[7m            [27m[90m‚ñë‚ñë‚ñë‚ñë‚ñë‚ñë[0m‚∏© ‚†¶ refresh-package-json:node-static: [32;40mtiming[0m [35maction:finalize[0m[0m[K‚∏®[7m            [27m[90m‚ñë‚ñë‚ñë‚ñë‚ñë‚ñë[0m‚∏© ‚†á build:colors: [7msill[0m [35mlinkStuff[0m colors@1.4.0 has /Users/coo[0m[K‚∏®[7m            [27m[90m‚ñë‚ñë‚ñë‚ñë‚ñë‚ñë[0m‚∏© ‚†∏ postinstall: [32minfo[0m [35mlifecycle[0m node-static@0.7.11~postinsta[0m[K‚∏®[7m            [27m[90m‚ñë‚ñë‚ñë‚ñë‚ñë‚ñë[0m‚∏© ‚†∏ postinstall: [32minfo[0m [35mlifecycle[0m node-static@0.7.11~postinsta[0m[K‚∏®[7m            [27m[90m‚ñë‚ñë‚ñë‚ñë‚ñë‚ñë[0m‚∏© ‚†∏ postinstall: [32minfo[0m [35mlifecycle[0m node-static@0.7.11~postinsta[0m[K‚∏®[7m            [27m[90m‚ñë‚ñë‚ñë‚ñë‚ñë‚ñë[0m‚∏© ‚†¥ postinstall: [32minfo[0m [35mlifecycle[0m node-static@0.7.11~postinsta[0m[K‚∏®[7m            [27m[90m‚ñë‚ñë‚ñë‚ñë‚ñë‚ñë[0m‚∏© ‚†¥ postinstall: [32minfo[0m [35mlifecycle[0m node-static@0.7.11~postinsta[0m[K‚∏®[7m            [27m[90m‚ñë‚ñë‚ñë‚ñë‚ñë‚ñë[0m‚∏© ‚†¥ postinstall: [32minfo[0m [35mlifecycle[0m node-static@0.7.11~postinsta[0m[K‚∏®[7m            [27m[90m‚ñë‚ñë‚ñë‚ñë‚ñë‚ñë[0m‚∏© ‚†¥ postinstall: [32minfo[0m [35mlifecycle[0m node-static@0.7.11~postinsta[0m[K‚∏®[7m            [27m[90m‚ñë‚ñë‚ñë‚ñë‚ñë‚ñë[0m‚∏© ‚†¥ postinstall: [32minfo[0m [35mlifecycle[0m node-static@0.7.11~postinsta[0m[K‚∏®[7m            [27m[90m‚ñë‚ñë‚ñë‚ñë‚ñë‚ñë[0m‚∏© ‚†¥ postinstall: [32minfo[0m [35mlifecycle[0m node-static@0.7.11~postinsta[0m[K‚∏®[7m            [27m[90m‚ñë‚ñë‚ñë‚ñë‚ñë‚ñë[0m‚∏© ‚†¥ postinstall: [32minfo[0m [35mlifecycle[0m node-static@0.7.11~postinsta[0m[K‚∏®[7m            [27m[90m‚ñë‚ñë‚ñë‚ñë‚ñë‚ñë[0m‚∏© ‚†¥ postinstall: [32minfo[0m [35mlifecycle[0m node-static@0.7.11~postinsta[0m[K‚∏®[7m            [27m[90m‚ñë‚ñë‚ñë‚ñë‚ñë‚ñë[0m‚∏© ‚†¥ postinstall: [32minfo[0m [35mlifecycle[0m node-static@0.7.11~postinsta[0m[K‚∏®[7m            [27m[90m‚ñë‚ñë‚ñë‚ñë‚ñë‚ñë[0m‚∏© ‚†¥ postinstall: [32minfo[0m [35mlifecycle[0m node-static@0.7.11~postinsta[0m[K[K[?25h[37;40mnpm[0m [0m[34;40mnotice[0m[35m[0m created a lockfile as package-lock.json. You should commit this file.
[0m[37;40mnpm[0m [0m[30;43mWARN[0m[35m[0m NODE@1.0.0 No description
[0m[37;40mnpm[0m [0m[30;43mWARN[0m[35m[0m NODE@1.0.0 No repository field.
[0m
+ node-static@0.7.11
added 6 packages from 8 contributors and audited 6 packages in 3.306s
found [92m0[0m vulnerabilities

bash-3.2$ node server.js
ff
Server running on port 8080
